Command: D:\Espressif\Espressif\python_env\idf5.5_py3.11_env\Scripts\python.exe D:\Espressif\Espressif\frameworks\esp-idf-v5.5\tools/idf_monitor.py -p COM4 -b 115200 --toolchain-prefix xtensa-esp32-elf- --target esp32 --revision 0 D:\File_dai_hoc_UIT\Thuc_Tap_FSOFT\INTERN_PROJECT\STM32_BOOTLOADER\esp32_to_stm32\build\softap_sta.elf D:\File_dai_hoc_UIT\Thuc_Tap_FSOFT\INTERN_PROJECT\STM32_BOOTLOADER\esp32_to_stm32\build\bootloader\bootloader.elf --force-color -m 'D:\Espressif\Espressif\python_env\idf5.5_py3.11_env\Scripts\python.exe' 'D:\Espressif\Espressif\frameworks\esp-idf-v5.5\tools\idf.py' '-p' 'COM4'

rst:0x1 (POï¿½ï¿½: 4MB
[0;32mI (44) boot: Enabling RNG early entropy source...[0m
[0;32mI (49) boot: Partition Table:[0m
[0;32mI (51) boot: ## Label            Usage          Type ST Offseets Jul 29 2019 12:21:46[0m

rst:0x1 (POWERON_RESET),boot:0x13 (SPI_FAST_FLASH_BOOT)
configsip: 0, SPIWP:0xee
clk_drv:0x00,q_drv:0x00,d_drv:0x00,cs0_drv:0x00,hd_drv:0x00,wp_drv:0x00
mode:DIO, clock div:2
load:0x3fff0030,len:6380
ho 0 tail 12 room 4
load:0x40078000,len:15916
load:0x40080400,len:3860
entry 0x40080638
[0;32mI (29) boot: ESP-IDF v5.5 2nd stage bootloader[0m
[0;32mI (29) boot: compile time Aug 25 2025 01:30:23[0m
[0;32mI (29) boot: Multicore bootloader[0m
[0;32mI (30) boot: chip revision: v3.1[0m
[0;32mI (33) boot.esp32: SPI Speed      : 40MHz[0m
[0;32mI (37) boot.esp32: SPI Mode       : DIO[0m
[0;32mI (40) boot.esp32: SPI Flash Size : 4MB[0m
[0;32mI (44) boot: Enabling RNG early entropy source...[0m
[0;32mI (49) boot: Partition Table:[0m
[0;32mI (51) boot: ## Label            Usage          Type ST Offset   Length[0m
[0;32mI (57) boot:  0 nvs              WiFi data        01 02 00009000 00006000[0m
[0;32mI (64) boot:  1 phy_init         RF data          01 01 0000f000 00001000[0m
[0;32mI (71) boot:  2 app0             OTA app          00 10 00010000 001c0000[0m
[0;32mI (77) boot:  3 spiffs           Unknown data     01 82 001d0000 00200000[0m
[0;32mI (84) boot: End of partition table[0m
[0;32mI (87) esp_image: segment 0: paddr=00010020 vaddr=3f400020 size=20930h (133424) map[0m
[0;32mI (140) esp_image: segment 1: paddr=00030958 vaddr=3ff80000 size=00020h (    32) load[0m
[0;32mI (140) esp_image: segment 2: paddr=00030980 vaddr=3ffb0000 size=03f08h ( 16136) load[0m
[0;32mI (150) esp_image: segment 3: paddr=00034890 vaddr=40080000 size=0b788h ( 46984) load[0m
[0;32mI (170) esp_image: segment 4: paddr=00040020 vaddr=400d0020 size=99ca4h (629924) map[0m
[0;32mI (385) esp_image: segment 5: paddr=000d9ccc vaddr=4008b788 size=0d720h ( 55072) load[0m
[0;32mI (419) boot: Loaded app from partition at offset 0x10000[0m
[0;32mI (419) boot: Disabling RNG early entropy source...[0m
[0;32mI (429) cpu_start: Multicore app[0m
[0;32mI (438) cpu_start: Pro cpu start user code[0m
[0;32mI (438) cpu_start: cpu freq: 160000000 Hz[0m
[0;32mI (438) app_init: Application information:[0m
[0;32mI (438) app_init: Project name:     softap_sta[0m
[0;32mI (442) app_init: App version:      df1e9af-dirty[0m
[0;32mI (446) app_init: Compile time:     Aug 25 2025 01:27:34[0m
[0;32mI (452) app_init: ELF file SHA256:  a87b5fd97...[0m
[0;32mI (456) app_init: ESP-IDF:          v5.5[0m
[0;32mI (460) efuse_init: Min chip rev:     v0.0[0m
[0;32mI (463) efuse_init: Max chip rev:     v3.99 [0m
[0;32mI (467) efuse_init: Chip rev:         v3.1[0m
[0;32mI (471) heap_init: Initializing. RAM available for dynamic allocation:[0m
[0;32mI (478) heap_init: At 3FFAE6E0 len 00001920 (6 KiB): DRAM[0m
[0;32mI (483) heap_init: At 3FFB8018 len 00027FE8 (159 KiB): DRAM[0m
[0;32mI (488) heap_init: At 3FFE0440 len 00003AE0 (14 KiB): D/IRAM[0m
[0;32mI (493) heap_init: At 3FFE4350 len 0001BCB0 (111 KiB): D/IRAM[0m
[0;32mI (499) heap_init: At 40098EA8 len 00007158 (28 KiB): IRAM[0m
[0;32mI (506) spi_flash: detected chip: generic[0m
[0;32mI (508) spi_flash: flash io: dio[0m
[0;32mI (512) main_task: Started on CPU0[0m
[0;32mI (522) main_task: Calling app_main()[0m
[0;32mI (542) http_server: Initializing SPIFFS[0m
[0;32mI (692) http_server: Partition size: total:1920401, used:5020[0m
[0;32mI (692) http_server: UART initialized for STM32 communication[0m
[0;32mI (692) wifi_app: Starting WiFi application...[0m
[0;32mI (702) main_task: Returned from app_main()[0m
[0;32mI (732) wifi_init: rx ba win: 6[0m
[0;32mI (732) wifi_init: accept mbox: 6[0m
[0;32mI (732) wifi_init: tcpip mbox: 32[0m
[0;32mI (732) wifi_init: udp mbox: 6[0m
[0;32mI (732) wifi_init: tcp mbox: 6[0m
[0;32mI (732) wifi_init: tcp tx win: 5760[0m
[0;32mI (732) wifi_init: tcp rx win: 5760[0m
[0;32mI (742) wifi_init: tcp mss: 1440[0m
[0;32mI (742) wifi_init: WiFi IRAM OP enabled[0m
[0;32mI (742) wifi_init: WiFi RX IRAM OP enabled[0m
[0;32mI (1002) phy_init: phy_version 4860,6b7a6e5,Feb  6 2025,14:47:07[0m
[0;32mI (1092) wifi_app: WIFI_EVENT_STA_START[0m
[0;32mI (1092) wifi_app: WIFI_APP_MSG_START_HTTP_SERVER[0m
[0;32mI (1092) http_server: http server config: Port: '80', task priority: '4'[0m
[0;32mI (1092) wifi_app: WIFI_EVENT_AP_START[0m
[0;32mI (1102) esp_netif_lwip: DHCP server started on interface WIFI_AP_DEF with IP: 192.168.0.1[0m
[0;32mI (1112) http_server: http server config: Register URI handlers[0m
[0;32mI (289192) wifi_app: WIFI_EVENT_AP_STACONNECTED[0m
[0;32mI (289312) esp_netif_lwip: DHCP server assigned IP to a client, IP is: 192.168.0.2[0m
ets Jul 29 2019 12:21:46

rst:0x1 (POWERON_RESET),boot:0x13 (SPI_FAST_FLASH_BOOT)ï¿½ets Jul 29 2019 12:21:46

rst:0x1 (POWERON_RESET),boot:0x13 (SPI_FAST_FLASH_BOOT)
configsip: 0, SPIWP:0xee
clk_drv:0x00,q_drv:0x00,d_drv:0x00,cs0_drv:0x00,hd_drv:0x00,wp_drv:0x00
mode:DIO, clock div:2
load:0x3fff0030,len:6380
ho 0 tail 12 room 4
load:0x40078000,len:15916
load:0x40080400,len:3860
entry 0x40080638
[0;32mI (29) boot: ESP-IDF v5.5 2nd stage bootloader[0m
[0;32mI (29) boot: compile time Aug 25 2025 01:30:23[0m
[0;32mI (29) boot: Multicore bootloader[0m
[0;32mI (30) boot: chip revision: v3.1[0m
[0;32mI (33) boot.esp32: SPI Speed      : 40MHz[0m
[0;32mI (37) boot.esp32: SPI Mode       : DIO[0m
[0;32mI (40) boot.esp32: SPI Flash Size : 4MB[0m
[0;32mI (44) boot: Enabling RNG early entropy source...[0m
[0;32mI (49) boot: Partition Table:[0m
[0;32mI (51) boot: ## Label            Usage          Type ST Offset   Length[0m
[0;32mI (57) boot:  0 nvs              WiFi data        01 02 00009000 00006000[0m
[0;32mI (64) boot:  1 phy_init         RF data          01 01 0000f000 00001000[0m
[0;32mI (71) boot:  2 app0             OTA app          00 10 00010000 001c0000[0m
[0;32mI (77) boot:  3 spiffs           Unknown data     01 82 001d0000 00200000[0m
[0;32mI (84) boot: End of partition table[0m
[0;32mI (87) esp_image: segment 0: paddr=00010020 vaddr=3f400020 size=20930h (133424) map[0m
[0;32mI (140) esp_image: segment 1: paddr=00030958 vaddr=3ff80000 size=00020h (    32) load[0m
[0;32mI (140) esp_image: segment 2: paddr=00030980 vaddr=3ffb0000 size=03f08h ( 16136) load[0m
[0;32mI (150) esp_image: segment 3: paddr=00034890 vaddr=40080000 size=0b788h ( 46984) load[0m
[0;32mI (170) esp_image: segment 4: paddr=00040020 vaddr=400d0020 size=99ca4h (629924) map[0m
[0;32mI (385) esp_image: segment 5: paddr=000d9ccc vaddr=4008b788 size=0d720h ( 55072) load[0m
[0;32mI (419) boot: Loaded app from partition at offset 0x10000[0m
[0;32mI (419) boot: Disabling RNG early entropy source...[0m
[0;32mI (429) cpu_start: Multicore app[0m
[0;32mI (438) cpu_start: Pro cpu start user code[0m
[0;32mI (438) cpu_start: cpu freq: 160000000 Hz[0m
[0;32mI (438) app_init: Application information:[0m
[0;32mI (438) app_init: Project name:     softap_sta[0m
[0;32mI (442) app_init: App version:      df1e9af-dirty[0m
[0;32mI (446) app_init: Compile time:     Aug 25 2025 01:27:34[0m
[0;32mI (452) app_init: ELF file SHA256:  a87b5fd97...[0m
[0;32mI (456) app_init: ESP-IDF:          v5.5[0m
[0;32mI (460) efuse_init: Min chip rev:     v0.0[0m
[0;32mI (463) efuse_init: Max chip rev:     v3.99 [0m
[0;32mI (467) efuse_init: Chip rev:         v3.1[0m
[0;32mI (471) heap_init: Initializing. RAM available for dynamic allocation:[0m
[0;32mI (478) heap_init: At 3FFAE6E0 len 00001920 (6 KiB): DRAM[0m
[0;32mI (483) heap_init: At 3FFB8018 len 00027FE8 (159 KiB): DRAM[0m
[0;32mI (488) heap_init: At 3FFE0440 len 00003AE0 (14 KiB): D/IRAM[0m
[0;32mI (493) heap_init: At 3FFE4350 len 0001BCB0 (111 KiB): D/IRAM[0m
[0;32mI (499) heap_init: At 40098EA8 len 00007158 (28 KiB): IRAM[0m
[0;32mI (506) spi_flash: detected chip: generic[0m
[0;32mI (508) spi_flash: flash io: dio[0m
[0;32mI (512) main_task: Started on CPU0[0m
[0;32mI (522) main_task: Calling app_main()[0m
[0;32mI (542) http_server: Initializing SPIFFS[0m
[0;32mI (692) http_server: Partition size: total:1920401, used:5020[0m
[0;32mI (692) http_server: UART initialized for STM32 communication[0m
[0;32mI (692) wifi_app: Starting WiFi application...[0m
[0;32mI (702) main_task: Returned from app_main()[0m
[0;32mI (732) wifi_init: rx ba win: 6[0m
[0;32mI (732) wifi_init: accept mbox: 6[0m
[0;32mI (732) wifi_init: tcpip mbox: 32[0m
[0;32mI (732) wifi_init: udp mbox: 6[0m
[0;32mI (732) wifi_init: tcp mbox: 6[0m
[0;32mI (732) wifi_init: tcp tx win: 5760[0m
[0;32mI (732) wifi_init: tcp rx win: 5760[0m
[0;32mI (742) wifi_init: tcp mss: 1440[0m
[0;32mI (742) wifi_init: WiFi IRAM OP enabled[0m
[0;32mI (742) wifi_init: WiFi RX IRAM OP enabled[0m
[0;32mI (1002) phy_init: phy_version 4860,6b7a6e5,Feb  6 2025,14:47:07[0m
ets Jul 29 2019 12:21:46

rst:0x1 (POWERON_RESET),boot:0x1ï¿½ets Jul 29 2019 12:21:46

rst:0x1 (POWERON_RESET),boot:0x13 (SPI_FAST_FLASH_BOOT)
configsip: 0, SPIWP:0xee
clk_drv:0x00,q_drv:0x00,d_drv:0x00,cs0_drv:0x00,hd_drv:0x00,wp_drv:0x00
mode:DIO, clock div:2
load:0x3fff0030,len:6380
ho 0 tail 12 room 4
load:0x40078000,len:15916
load:0x40080400,len:3860
entry 0x40080638
[0;32mI (29) boot: ESP-IDF v5.5 2nd stage bootloader[0m
I (29ï¿½ets Jul 29 2019 12:21:46

rst:0x1 (POWERONï¿½ets Juï¿½ets Jul 29 2019 12:21:46

rst:0x1 (POWERON_RESET),boot:0x13 (SPI_FAST_FLASH_BOOT)
configsip: 0, SPIWP:0xee
clk_drv:0x00,q_drv:0x00,d_drv:0x00,cs0_drv:0x00,hd_drv:0x00,wp_drv:0x00
mode:DIO, clock div:2
load:0x3fff0030,len:6380
ho 0 tail 12 room 4
load:0x40078000,len:15916
load:0x40080400,len:3860
entry 0x40080638
[0;32mI (29) boot: ESP-IDF v5.5 2nd stage bootloader[0m
[0;32mI (29) boot: compile time Aug 25 2025 01:30:23[0m
[0;32mI (29) boot: Multicore bootloader[0m
[0;32mI (30) boot: chip revision: v3.1[0m
[0;32mI (33) boot.esp32: SPI Speed      : 40MHz[0m
[0;32mI (37) boot.esp32: SPI Mode       : DIO[0m
[0;32mI (40) boot.esp32: SPI Flash Size : 4MB[0m
[0;32mI (44) boot: Enabling RNG early entropy source...[0m
[0;32mI (49) boot: Partition Table:[0m
[0;32mI (51) boot: ## Label            Usage          Type ST Offset   Length[0m
[0;32mI (57) boot:  0 nvs              WiFi data        01 02 00009000 00006000[0m
[0;32mI (64) boot:  1 phy_init         RF data          01 01 0000f000 00001000[0m
[0;32mI (71) boot:  2 app0             OTA app          00 10 00010000 001c0000[0m
[0;32mI (77) boot:  3 spiffs           Unknown data     01 82 001d0000 00200000[0m
[0;32mI (84) boot: End of partition table[0m
[0;32mI (87) esp_image: segment 0: paddr=00010020 vaddr=3f400020 size=20930h (133424) map[0m
[0;32mI (140) esp_image: segment 1: paddr=00030958 vaddr=3ff80000 size=00020h (    32) load[0m
[0;32mI (140) esp_image: segment 2: paddr=00030980 vaddr=3ffb0000 size=03f08h ( 16136) load[0m
[0;32mI (150) esp_image: segment 3: paddr=00034890 vaddr=40080000 size=0b788h ( 46984) load[0m
[0;32mI (170) esp_image: segment 4: paddr=00040020 vaddr=400d0020 size=99ca4h (629924) map[0m
[0;32mI (385) esp_image: segment 5: paddr=000d9ccc vaddr=4008b788 size=0d720h ( 55072) load[0m
[0;32mI (419) boot: Loaded app from partition at offset 0x10000[0m
[0;32mI (419) boot: Disabling RNG early entropy source...[0m
[0;32mI (429) cpu_start: Multicore app[0m
[0;32mI (438) cpu_start: Pro cpu start user code[0m
[0;32mI (438) cpu_start: cpu freq: 160000000 Hz[0m
[0;32mI (438) app_init: Application information:[0m
[0;32mI (438) app_init: Project name:     softap_sta[0m
[0;32mI (442) app_init: App version:      df1e9af-dirty[0m
[0;32mI (446) app_init: Compile time:     Aug 25 2025 01:27:34[0m
[0;32mI (452) app_init: ELF file SHA256:  a87b5fd97...[0m
[0;32mI (456) app_init: ESP-IDF:          v5.5[0m
[0;32mI (460) efuse_init: Min chip rev:     v0.0[0m
[0;32mI (463) efuse_init: Max chip rev:     v3.99 [0m
[0;32mI (467) efuse_init: Chip rev:         v3.1[0m
[0;32mI (471) heap_init: Initializing. RAM available for dynamic allocation:[0m
[0;32mI (478) heap_init: At 3FFAE6E0 len 00001920 (6 KiB): DRAM[0m
[0;32mI (483) heap_init: At 3FFB8018 len 00027FE8 (159 KiB): DRAM[0m
[0;32mI (488) heap_init: At 3FFE0440 len 00003AE0 (14 KiB): D/IRAM[0m
[0;32mI (493) heap_init: At 3FFE4350 len 0001BCB0 (111 KiB): D/IRAM[0m
[0;32mI (499) heap_init: At 40098EA8 len 00007158 (28 KiB): IRAM[0m
[0;32mI (506) spi_flash: detected chip: generic[0m
[0;32mI (508) spi_flash: flash io: dio[0m
[0;32mI (512) main_task: Started on CPU0[0m
[0;32mI (522) main_task: Calling app_main()[0m
[0;32mI (542) http_server: Initializing SPIFFS[0m
[0;32mI (692) http_server: Partition size: total:1920401, used:5020[0m
[0;32mI (692) http_server: UART initialized for STM32 communication[0m
[0;32mI (692) wifi_app: Starting WiFi application...[0m
[0;32mI (702) main_task: Returned from app_main()[0m
[0;32mI (732) wifi_init: rx ba win: 6[0m
[0;32mI (732) wifi_init: accept mbox: 6[0m
[0;32mI (732) wifi_init: tcpip mbox: 32[0m
[0;32mI (732) wifi_init: udp mbox: 6[0m
[0;32mI (732) wifi_init: tcp mbox: 6[0m
[0;32mI (732) wifi_init: tcp tx win: 5760[0m
[0;32mI (732) wifi_init: tcp rx win: 5760[0m
[0;32mI (742) wifi_init: tcp mss: 1440[0m
[0;32mI (742) wifi_init: WiFi IRAM OP enabled[0m
[0;32mI (742) wifi_init: WiFi RX IRAM OP enabled[0m
[0;32mI (1002) phy_init: phy_version 4860,6b7a6e5,Feb  6 2025,14:47:07[0m
[0;32mI (1082) phy_init: Saving new calibration data due to checksum failure or outdated calibration data, mode(0)[0m
ets Jul 29 2019 12:21:46

rst:0x1 (POWERON_ï¿½ets Jul ets Jul 29 2019 12:21:46

rst:0x1 (POWERON_RESET),boot:0x13 (SPI_FAST_FLASH_BOOT)
configsip: 0, SPIWP:0xee
clk_ï¿½ets Jul 29 2019 12:21:46

rst:0x1 (POWERON_RESET),boot:0x13 (SPI_FAST_FLASH_BOOT)
configsip: 0, SPIWP:0xee
clk_drv:0x00,q_drv:0x00,d_drv:0x00,cs0_drv:0x00,hd_drv:0x00,wp_drv:0x00
mode:DIO, clock div:2
load:0x3fff0030,len:6380
ho 0 tail 12 room 4
load:0x40078000,len:15916
load:0x40080400,len:3860
entry 0x40080638
[0;32mI (29) boot: ESP-IDF v5.5 2nd stage bootloader[0m
[0;32mI (29) boot: compile time Aug 25 2025 01:30:23[0m
[0;32mI (29) boot: Multicore bootloader[0m
[0;32mI (30) boot: chip revision: v3.1[0m
[0;32mI (33) boot.esp32: SPI Speed      : 40MHz[0m
[0;32mI (37) booï¿½ets Jul 29 2019 12:21:46[0m

rst:0x1 (POWERON_RESET),boot:0x13 (SPI_FAST_FLASH_BOOT)
configsip: 0, SPIWP:0xee
clk_drv:0x00,q_drv:0x00,d_drv:0x00,cs0_drv:0x00,hd_drv:0x00,wp_drv:0x00
mode:DIO, clock div:2
load:0x3fff0030,len:6380
ho 0 tail 12 room 4
load:0x40078000,len:15916
load:0x40080400,len:3860
entry 0x40080638
[0;32mI (29) boot: ESP-IDF v5.5 2nd stage bootloader[0m
[0;32mI (29) boot: compile time Aug 25 2025 01:30:23[0m
[0;32mI (29) boot: Multicore bootloader[0m
[0;32mI (30) boot: chip revision: v3.1[0m
[0;32mI (33) boot.esp32: SPI Speed      : 40MHz[0m
[0;32mI (37) boot.esp32: SPI Mode       : DIO[0m
[0;32mI (40) boot.esp32: SPI Flash Size : 4MB[0m
[0;32mI (44) boot: Enabling RNG early entropy source...[0m
[0;32mI (49) boot: Partition Table:[0m
[0;32mI (51) boot: ## Label            Usage          Type ST Offset   Length[0m
[0;32mI (57) boot:  0 nvs              WiFi data        01 02 00009000 00006000[0m
[0;32mI (64) boot:  1 phy_init         RF data          01 01 0000f000 00001000[0m
[0;32mI (71) boot:  2 app0             OTA app          00 10 00010000 001c0000[0m
[0;32mI (77) boot:  3 spiffs           Unknown data     01 82 001d0000 00200000[0m
[0;32mI (84) boot: End of partition table[0m
[0;32mI (87) esp_image: segment 0: paddr=00010020 vaddr=3f400020 size=20930h (133424) map[0m
[0;32mI (140) esp_image: segment 1: paddr=00030958 vaddr=3ff80000 size=00020h (    32) load[0m
[0;32mI (140) esp_image: segment 2: paddr=00030980 vaddr=3ffb0000 size=03f08h ( 16136) load[0m
[0;32mI (150) esp_image: segment 3: paddr=00034890 vaddr=40080000 size=0b788h ( 46984) load[0m
[0;32mI (170) esp_image: segment 4: paddr=00040020 vaddr=400d0020 size=99ca4h (629924) map[0m
[0;32mI (385) esp_image: segment 5: paddr=000d9ccc vaddr=4008b788 size=0d720h ( 55072) load[0m
[0;32mI (419) boot: Loaded app from partition at offset 0x10000[0m
[0;32mI (419) boot: Disabling RNG early entropy source...[0m
[0;32mI (429) cpu_start: Multicore app[0m
ets Jul 29 2019 12:21:46

rst:0x1 (POWERON_RESET),boot:0x13 (SPI_FAST_FLASH_BOOT)
configsip: 0, SPIWP:0xee
clk_drv:0x00,q_drv:0x00,d_dï¿½ets Jul 29 2019 12:21:46

rst:0x1 (POWERON_RESET),boot:0x13 (SPI_FAST_FLASH_BOOT)
configsip: 0, SPIWP:0xee
clk_drv:0x00,q_drv:0x00,d_drv:0x00,cs0_drv:0x00,hd_drv:0x00,wp_drv:0x00
mode:DIO, clock div:2
load:0x3fff0030,len:6380
ho 0 tail 12 room 4
load:0x40078000,len:15916
load:0x40080400,len:3860
entry 0x40080638
[0;32mI (29) boot: ESP-IDF v5.5 2nd stage bootloader[0m
[0;32mI (29) boot: compile time Aug 25 2025 01:30:23[0mï¿½ets Jul 29 2019ï¿½ets Jul 29 2019 12:21:46

rst:0x1 (POWERON_RESET),boot:0x13 (SPI_FAST_FLASH_BOOT)
configsip: 0, SPIWP:0xee
clk_drv:0x00,q_drv:0x00,d_drv:0x00,cs0_drv:0x00,hd_drv:0x00,wp_drv:0x00
mode:DIO, clock div:2
load:0x3fff0030,len:6380
ho 0 tail 12 room 4
load:0x40078000,len:15916
load:0x40080400,len:3860
entry 0x40080638
[0;32mI (29) boot: ESP-IDF v5.5 2nd stage bootloader[0m
[0;32mI (29) boot: compile time Aug 25 2025 01:30:23[0m
[0;32mI (29) boot: Multicore bootloader[0m
[0;32mI (30) boot: chip revision: v3.1[0m
[0;32mI (33) boot.esp32: SPI Speed      : 40MHz[0m
[0;32mI (37) boot.esp32: SPI Mode       : DIO[0m
[0;32mI (40) boot.esp32: SPI Flash Size : 4MB[0m
[0;32mI (44) boot: Enabling RNG early entropy source...[0m
[0;32mI (49) boot: Partition Table:[0m
[0;32mI (51) boot: ## Label            Usage          Type ST Offset   Length[0m
[0;32mI (57) boot:  0 nvs              WiFi data        01 02 00009000 00006000[0m
[0;32mI (64) boot:  1 phy_init         RF data          01 01 0000f000 00001000[0m
[0;32mI (71) boot:  2 app0             OTA app          00 10 00010000 001c0000[0m
[0;32mI (77) boot:  3 spiffs           Unknown data     01 82 001d0000 00200000[0m
[0;32mI (84) boot: End of partition table[0m
[0;32mI (87) esp_image: segment 0: paddr=00010020 vaddr=3f400020 size=20930h (133424) map[0m
[0;32mI (140) esp_image: segment 1: paddr=00030958 vaddr=3ff80000 size=00020h (    32) load[0m
[0;32mI (140) esp_image: segment 2: paddr=00030980 vaddr=3ffb0000 size=03f08h ( 16136) load[0m
[0;32mI (150) esp_image: segment 3: paddr=00034890 vaddr=40080000 size=0b788h ( 46984) load[0m
[0;32mI (170) esp_image: segment 4: paddr=00040020 vaddr=400d0020 size=99ca4h (629924) map[0m
[0;32mI (385) esp_image: segment 5: paddr=000d9ccc vaddr=4008b788 size=0d720h ( 55072) load[0m
ets Jul 29 2019 12:21:46

rst:0x1 (POWERON_RESET),boot:0x13 (SPI_FAST_FLASH_BOOT)
configsip: 0, SPIWP:0xee
clk_drv:0x00,q_drv:0x00,d_drv:0x00,cs0_drv:0x00,hd_drv:0x00,wp_drv:0x00
mode:DIO, clock div:2
load:0x3fff0030,len:6380
ho 0 tail 12 room 4
load:0x40078000,len:15916
load:0x40080400,len:3860
entry 0x40080638
[0;32mI (29) boot: ESP-IDF v5.5 2nd stage bootloader[0m
[0;32mI (29) boot: compile time Aug 25 2025 01:30:23[0m
[0;32mI (29) boot: Multicore bootloader[0m
[0;32mI (30) boot: chip revision: v3.1[0m
[0;32mI (33) boot.esp32: SPI Speed      : 40MHz[0m
[0;32mI (37) boot.esp32: SPI Mode       : DIO[0m
[0;32mI (40) boot.esp32: SPI Flash Size : 4MB[0m
[0;32mI (44) boot: Enabling RNG early entropy source...[0m
[0;32mI (49) boot: Partition Table:[0m
[0;32mI (51) boot: ## Label            Usage          Type ST Offset   Length[0m
[0;32mI (57) boot:  0 nvs              WiFi data        01 02 00009000 00006000[0m
[0;32mI (64) boot:  1 phy_init         RF data          01 01 0000f000 00001000[0m
[0;32mI (71) boot:  2 app0  ets Jul 29 2019 12:21:46[0m

rst:0x1 (POWERON_RESET),boot:0x13 (SPI_FAST_FLASH_BOOT)
configsip: 0, SPIWP:0xee
clk_drv:0x00,q_drv:0x00,d_drv:0x00,cs0_drv:0x00,hd_drv:0x00,wp_drv:0x00
mode:DIO, clock div:2
load:0x3fff0030,len:6380
ho 0 tail 12 room 4
load:0x40078000,len:15916
load:0x40080400,len:3860
entry 0x40080638
[0;32mI (29) boot: ESP-IDF v5.5 2nd stage bootloader[0m
[0;32mI (29) boot: compile time Aug 25 2025 01:30:23[0m
[0;32mI (29) boot: Multicore bootloader[0m
[0;32mI (30) boot: chip revision: v3.1[0m
[0;32mI (33) boot.esp32: SPI Speed      : 40MHz[0m
[0;32mI (37) boot.esp32: SPI Mode       : DIO[0m
[0;32mI (40) boot.esp32: SPI Flash Size : 4MB[0m
[0;32mI (44) boot: Enabling RNG early entropy source...[0m
[0;32mI (49) boot: Partition Table:[0m
[0;32mI (51) boot: ## Label            Usage          Type ST Offset   Length[0m
[0;32mI (57) boot:  0 nvs              WiFi data        01 02 00009000 00006000[0m
[0;32mI (64) boot:  1 phy_init         RF data          01 01 0000f000 00001000[0m
[0;32mI (71) boot:  2 app0             OTA app          00 10 00010000 001c0000[0m
[0;32mI (77) boot:  3 spiffs           Unknown data     01 82 001d0000 00200000[0m
[0;32mI (84) boot: End of partition table[0m
[0;32mI (87) esp_image: segment 0: paddr=00010020 vaddr=3f400020 size=20930h (133424) map[0m
[0;32mI (140) esp_image: segment 1: paddr=00030958 vaddr=3ff80000 size=00020h (    32) load[0m
[0;32mI (140) esp_image: segment 2: paddr=00030980 vaddr=3ffb0000 size=03f08h ( 16136) load[0m
[0;32mI (150) esp_image: segment 3: paddr=00034890 vaddr=40080000 size=0b788h ( 46984) load[0m
[0;32mI (170) esp_image: segment 4: paddr=00040020 vaddr=400d0020 size=99ca4h (629924) map[0m
ets Jul 29 2019 12:21:46

rst:0x1 (POWERON_RESET),boot:0x13 (SPI_FAST_FLASH_BOOT)
configsip: 0, SPIWP:0xee
clk_drv:0x00,q_drv:0x00,d_drv:0x00,cs0_drv:0x00,hd_drv:0x00,wp_drv:0x00
mode:DIO, clock div:2
load:0x3fff0030,len:6380
ho 0 tail 12 room 4
load:0x40078000,len:15916
load:0x40080400,len:3860
entry 0x40080638
[0;32mI (29) boot: ESP-IDF v5.5 2nd stage bootloader[0m
[0;32mI (29) boot: compile time Aug 25 2025 01:30:23[0m
[0;32mI (29) boot: Multicore bootloader[0m
[0;32mI (30) boot: chip revision: v3.1[0m
[0;32mI (33) boot.esp32: SPI Speed      : 40MHz[0m
[0;32mI (37) boot.esp32: SPI Mode       : DIO[0m
[0;32mI (40) boot.esp32: SPI Flash Size : 4MB[0m
[0;32mI (44) boot: Enabling RNG early entropy source...[0m
[0;32mI (49) boot: Partition Table:[0m
[0;32mI (51) boot: ## Label            Usage          Type ST Offset   Length[0m
[0;32mI (57) boot:  0 nvs              WiFi data        01 02 00009000 00006000[0m
[0;32mI (64) boot:  1 phy_init         RF data          01 01 0000f000 00001000[0m
[0;32mI (71) boot:  2 app0             OTA app          00 10 00010000 001c0000[0m
[0;32mI (77) boot:  3 spiffs           Unknown data     01 82 001d0000 00200000[0m
[0;32mI (84) boot: End of partition table[0m
[0;32mI (87) esp_image: segment 0: paddr=00010020 vaddr=3f400020 size=20930h (133424) map[0m
ets Jul 29 2019 12:21:46

rst:0x1 (POWERON_RESET),boot:0x13 (SPI_FAST_FLASH_BOOT)
configsip: 0, SPIWP:0xee
clk_drv:0x00,q_drv:0x00,d_drv:0x00,cs0_drv:0x00,hd_drv:0x00,wp_drv:0x00
mode:DIO, clock div:2
load:0x3fff0030,len:6380
ho 0 tail 12 room 4
load:0x40078000,len:15916
load:0x40080400,len:3860
entry 0x40080638
[0;32mI (29) boot: ESP-IDF v5.5 2nd stage bootloader[0m
[0;32mI (29) boot: compile time Aug 25 2025 01:30:23[0m
[0;32mI (29) boot: Multicore bootloader[0m
[0;32mI (30) boot: chip revision: v3.1[0m
[0;32mI (33) boot.esp32: SPI Speed      : 40MHz[0m
[0;32mI (37) boot.esp32: SPI Mode       : DIO[0m
[0;32mI (40) boot.esp32: SPI Flash Size : 4MB[0m
[0;32mI (44) boot: Enabling RNG early entropy source...[0m
[0;32mI (49) boot: Partition Table:[0m
[0;32mI (51) boot: ## Label            Usage          Type ST Offset   Length[0m
[0;32mI (57) boot:  0 nvs              WiFi data        01 02 00009000 00006000[0m
[0;32mI (64) boot:  1 phy_init         RF data          01 01 0000f000 00001000[0m
[0;32mI (71) boot:  2 app0             OTA app          00 10 00010000 001c0000[0m
[0;32mI (77) boot:  3 spiffs           Unknown data     01 82 001d0000 00200000[0m
[0;32mI (84) boot: End of partition table[0m
[0;32mI (87) esp_image: segment 0: paddr=00010020 vaddr=3f400020 size=20930h (133424) map[0m
[0;32mI (140) esp_image: segment 1: paddr=00030958 vaddr=3ff80000 size=00020h (    32) load[0m
[0;32mI (140) esp_image: segment 2: paddr=00030980 vaddr=3ffb0000 size=03f08h ( 16136) load[0m
[0;32mI (150) esp_image: segment 3: paddr=00034890 vaddr=40080000 size=0b788h ( 46984) load[0m
[0;32mI (170) esp_image: segment 4: paddr=00040020 vaddr=400d0020 size=99ca4h (629924) map[0m
[0;32mI (385) esp_image: segment 5: paddr=000d9ccc vaddr=4008b788 size=0d720h ( 55072) load[0m
[0;32mI (419) boot: Loaded app from partition at offset 0x10000[0m
[0;32mI (419) boot: Disabling RNG early entropy source...[0m
[0;32mI (429) cpu_start: Multicore app[0m
[0;32mI (438) cpu_start: Pro cpu start user code[0m
[0;32mI (438) cpu_start: cpu freq: 160000000 Hz[0m
[0;32mI (438) app_init: Application information:[0m
[0;32mI (438) app_init: Project name:     softap_sta[0m
[0;32mI (442) app_init: App version:      df1e9af-dirty[0m
[0;32mI (446) app_init: Compile time:     Aug 25 2025 01:27:34[0m
[0;32mI (452) app_init: ELF file SHA256:  a87b5fd97...[0m
[0;32mI (456) app_init: ESP-IDF:          v5.5[0m
[0;32mI (460) efuse_init: Min chip rev:     v0.0[0m
[0;32mI (463) efuse_init: Max chip rev:     v3.99 [0m
[0;32mI (467) efuse_init: Chip rev:         v3.1[0m
[0;32mI (471) heap_init: Initializing. RAM available for dynamic allocation:[0m
[0;32mI (478) heap_init: At 3FFAE6E0 len 00001920 (6 KiB): DRAM[0m
[0;32mI (483) heap_init: At 3FFB8018 len 00027FE8 (159 KiB): DRAM[0m
[0;32mI (488) heap_init: At 3FFE0440 len 00003AE0 (14 KiB): D/IRAM[0m
[0;32mI (493) heap_init: At 3FFE4350 len 0001BCB0 (111 KiB): D/IRAM[0m
[0;32mI (499) heap_init: At 40098EA8 len 00007158 (28 KiB): IRAM[0m
[0;32mI (506) spi_flash: detected chip: generic[0m
[0;32mI (508) spi_flash: flash io: dio[0m
[0;32mI (512) main_task: Started on CPU0[0m
[0;32mI (522) main_task: Calling app_main()[0m
[0;32mI (552) http_server: Initializing SPIFFS[0m
[0;32mI (692) http_server: Partition size: total:1920401, used:5020[0m
[0;32mI (692) http_server: UART initialized for STM32 communication[0m
[0;32mI (692) wifi_app: Starting WiFi application...[0m
[0;32mI (702) main_task: Returned from app_main()[0m
[0;32mI (732) wifi_init: rx ba win: 6[0m
[0;32mI (732) wifi_init: accept mbox: 6[0m
[0;32mI (732) wifi_init: tcpip mbox: 32[0m
[0;32mI (732) wifi_init: udp mbox: 6[0m
[0;32mI (732) wifi_init: tcp mbox: 6[0m
[0;32mI (732) wifi_init: tcp tx win: 5760[0m
[0;32mI (732) wifi_init: tcp rx win: 5760[0m
[0;32mI (742) wifi_init: tcp mss: 1440[0m
[0;32mI (742) wifi_init: WiFi IRAM OP enabled[0m
[0;32mI (742) wifi_init: WiFi RX IRAM OP enabled[0m
[0;32mI (1002) phy_init: phy_version 4860,6b7a6e5,Feb  6 2025,14:47:07[0m
[0;32mI (1092) wifi_app: WIFI_EVENT_STA_START[0m
[0;32mI (1092) wifi_app: WIFI_APP_MSG_START_HTTP_SERVER[0m
[0;32mI (1092) http_server: http server config: Port: '80', task priority: '4'[0m
[0;32mI (1092) wifi_app: WIFI_EVENT_AP_START[0m
[0;32mI (1102) esp_netif_lwip: DHCP server started on interface WIFI_AP_DEF with IP: 192.168.0.1[0m
[0;32mI (1112) http_server: http server config: Register URI handlers[0m
ets Jul 29 2019 12:21:46

rst:0x1 (POWERON_RESET),boot:0x13 (SPI_FAST_FLASH_BOOT)
configsip: 0, SPIWP:0xee
clk_drv:0x00,q_drv:0x00,d_drv:0x00,cs0_drv:0x00,hd_drv:0x00,wp_drv:0x00
mode:DIO, clock div:2
load:0x3fff0030,len:6380
ho 0 tail 12 room 4
load:0ets Jul 29 2019 12:21:46

rst:0x1 (POWERON_RESET),boot:0x13 (SPI_FAST_FLASH_BOOT)
configsip: 0, SPIWP:0xee
clk_drv:0x0ï¿½ets Jul 29 2019 12:21:46

rsets Jul 29 2019 12:21:46

rst:0x1 (POWERON_RESET),boot:ï¿½ets Jul 29 2019 12:21:46

rst:0x1 (POWEROï¿½ets Jul 29 2019 12:21:46

rst:0x1 (POWERON_RESET),boot:0x13 (SPI_FAST_FLASH_BOOT)
configsip: 0, SPIWP:0ï¿½ets Jul 29 2019 12:21:46

rst:0x1 (POWERON_RESET),boot:0x13 (SPI_FAST_FLASH_BOOT)
configsip: 0, SPIWP:0xee
clk_drv:0x00,q_drv:0x00,d_drv:0x00,cs0_drv:0x00,hd_drv:0x00,wp_drv:0x00
mode:DIO, clock div:2
load:0x3fff0030,len:6380
ho 0 tail 12 room 4
load:0x40078000,len:15916
load:0x40080400,len:3860
entry 0x40080638
[0;32mI (29) boot: ESP-IDF v5.5 2nd stage bootloader[0m
[0;32mI (29) boot: compile time Aug 25 2025 01:30:23[0m
[0;32mI (29) boot: Multicore bootloader[0m
[0;32mI (30) boot: chip revision: v3.1[0m
[0;32mI (33) boot.esp32: SPI Speed      : 40MHz[0m
[0;32mI (37) boot.esp32: SPI Mode       : DIO[0m
[0;32mI (40) boot.esp32: SPI Flash Size : 4MB[0m
[0;32mI (44) boot: Enabling RNG early entropy source...[0m
[0;32mI (49) boot: Partition Table:[0m
[0;32mI (51) boot: ## Label            Usage          Type ST Offset   Length[0m
[0;32mI (57) boot:  0 nvs              WiFi data        01 02 00009000 00006000[0m
[0;32mI (64) boot:  1 phy_init         RF data          01 01 0000f000 00001000[0m
[0;32mI (71) boot:  2 app0             OTA app          00 10 00010000 001c0000[0m
[0;32mI (77) boot:  3 spiffs           Unknown data     01 82 001d0000 00200000[0m
[0;32mI (84) boot: End of partition table[0m
[0;32mI (87) esp_image: segment 0: paddr=00010020 vaddr=3f400020 size=20930h (133424) map[0m
ets Jul 29 2019 12:21:46

rst:0x1ets Jul 29 2019 12:21:46

rst:0x1 (POWERON_RESET),boot:0x13 (SPI_FAST_FLASH_BOOT)
configsip: 0, SPIWP:0xee
clk_drv:0x00,q_drv:0x00,d_drv:0x00,cs0_drv:0x00,hd_drv:0x00,wp_drv:0x00
mode:DIO, clock div:2
load:0x3fff0030,len:6380
ho 0 tail 12 room 4
load:0x40078000,len:15916
load:0x40080400,len:3860
entry 0x40080638
[0;32mI (29) boot: ESP-IDF v5.5 2nd stage bootloader[0m
[0;32mI (29) boot: compile time Aug 25 2025 01:30:23[0m
[0;32mI (29) boot: Multicore bootloader[0m
[0;32mI (30) boot: chip revision: v3.1[0m
[0;32mI (33) boot.esp32: SPI Speed      : 40MHz[0m
[0;32mI (37) boot.esp32: SPI Mode       : DIO[0m
[0;32mI (40) boot.esp32: SPI Flash Size : 4MB[0m
[0;32mI (44) boot: Enabling RNG early entropy source...[0m
[0;32mI (49) boot: Partition Table:[0m
[0;32mI (51) boot: ## Label            Usage          Type ST Offset   Length[0m
[0;32mI (57) boot:  0 nvs              WiFi data        01 02 00009000 00006000[0m
[0;32mI (64) boot:  1 phy_init         RF data          01 01 0000f000 00001000[0m
[0;32mI (71) boot:  2 app0             OTA app          00 10 00010000 001c0000[0m
[0;32mI (77) boot:  3 spiffs           Unknown data     01 82 001d0000 00200000[0m
[0;32mI (84) boot: End of partition table[0m
[0;32mI (87) esp_image: segment 0: paddr=00010020 vaddr=3f400020 size=20930h (133424) map[0m
[0;32mI (140) esp_image: segment 1: paddr=00030958 vaddr=3ff80000 size=00020h (    32) load[0m
[0;32mI (140) esp_image: segment 2: paddr=00030980 vaddr=3ffb0000 size=03f08h ( 16136) load[0m
[0;32mI (150) esp_image: segment 3: paddr=00034890 vaddr=40080000 size=0b788h ( 46984) load[0m
[0;32mI (170) esp_image: segment 4: paddr=00040020 vaddr=400d0020 size=99ca4h (629924) map[0m
[0;32mI (385) esp_image: segment 5: paddr=000d9ccc vaddr=4008b788 size=0d720h ( 55072) load[0m
[0;32mI (419) boot: Loaded app from partition at offset 0x10000[0m
[0;32mI (419) boot: Disabling RNG early entropy source...[0m
[0;32mI (429) cpu_start: Multicore app[0m
[0;32mI (438) cpu_start: Pro cpu start user code[0m
[0;32mI (438) cpu_start: cpu freq: 160000000 Hz[0m
[0;32mI (438) app_init: Application information:[0m
[0;32mI (438) app_init: Project name:     softap_sta[0m
[0;32mI (442) app_init: App version:      df1e9af-dirty[0m
[0;32mI (446) app_init: Compile time:     Aug 25 2025 01:27:34[0m
[0;32mI (452) app_init: ELF file SHA256:  a87b5fd97...[0m
[0;32mI (456) app_init: ESP-IDF:          v5.5[0m
[0;32mI (460) efuse_init: Min chip rev:     v0.0[0m
[0;32mI (463) efuse_init: Max chip rev:     v3.99 [0m
[0;32mI (467) efuse_init: Chip rev:         v3.1[0m
[0;32mI (471) heap_init: Initializing. RAM available for dynamic allocation:[0m
[0;32mI (478) heap_init: At 3FFAE6E0 len 00001920 (6 KiB): DRAM[0m
[0;32mI (483) heap_init: At 3FFB8018 len 00027FE8 (159 KiB): DRAM[0m
[0;32mI (488) heap_init: At 3FFE0440 len 00003AE0 (14 KiB): D/IRAM[0m
[0;32mI (493) heap_init: At 3FFE4350 len 0001BCB0 (111 KiB): D/IRAM[0m
[0;32mI (499) heap_init: At 40098EA8 len 00007158 (28 KiB): IRAM[0m
[0;32mI (506) spi_flash: detected chip: generic[0m
[0;32mI (508) spi_flash: flash io: dio[0m
[0;32mI (512) main_task: Started on CPU0[0m
[0;32mI (522) main_task: Calling app_main()[0m
[0;32mI (552) http_server: Initializing SPIFFS[0m
[0;32mI (692) http_server: Partition size: total:1920401, used:5020[0m
[0;32mI (692) http_server: UART initialized for STM32 communication[0m
[0;32mI (692) wifi_app: Starting WiFi application...[0m
[0;32mI (702) main_task: Returned from app_main()[0m
[0;32mI (732) wifi_init: rx ba win: 6[0m
[0;32mI (732) wifi_init: accept mbox: 6[0m
[0;32mI (732) wifi_init: tcpip mbox: 32[0m
[0;32mI (732) wifi_init: udp mbox: 6[0m
[0;32mI (732) wifi_init: tcp mbox: 6[0m
[0;32mI (732) wifi_init: tcp tx win: 5760[0m
[0;32mI (732) wifi_init: tcp rx win: 5760[0m
[0;32mI (742) wifi_init: tcp mss: 1440[0m
[0;32mI (742) wifi_init: WiFi IRAM OP enabled[0m
[0;32mI (742) wifi_init: WiFi RX IRAM OP enabled[0m
ets Jul 29 2019 12:21:46

rst:0x1 (POWERON_RESET),boot:0x13 (SPI_FAST_FLASH_BOOT)
configsip: 0, SPIWP:0xee
clk_drv:0x00,q_drv:0x00,d_drv:0x00,cs0_drv:0x00,hd_drv:0x00,wp_drv:0x00
mode:DIO, clock div:2
load:0x3fff0030,len:6380
ho 0 tail 12 room 4
load:0x40078000,len:15916
load:0x40080400,len:3860
entry 0x40080638
[0;32mI (29) boot: ESP-IDF v5.5 2nd stage bootloader[0m
[0;32mI (29) boot: compile time Aug 25 2025 01:30:23[0m
[0;32mI (29) boot: Multicore bootloader[0m
[0;32mI (30) boot: chip revision: v3.1[0m
[0;32mI (33) boot.esp32: SPI Speed      : 40MHz[0m
[0;32mI (37) boot.esp32: SPI Mode       : DIO[0m
[0;32mI (40) boot.esp32: SPI Flash Size : 4MB[0m
[0;32mI (44) boot: Enabling RNG early entropy source...[0m
[0;32mI (49) boot: Partition Table:[0m
[0;32mI (51) boot: ## Label            Usage          Type ST Offset   Length[0m
[0;32mI (57) boot:  0 nvs              WiFi data        01 02 00009000 00006000[0m
[0;32mI (64) boot:  1 phy_init         RF data          01 01 0000f000 00001000[0m
[0;32mI (71) boot:  2 app0             OTA app          00 10 00010000 001c0000[0m
[0;32mI (77) boot:  3 spiffs           Unknown data     01 82 001d0000 00200000[0m
[0;32mI (84) boot: End of partition table[0m
[0;32mI (87) esp_image: segment 0: paddr=00010020 vaddr=3f400020 size=20930h (133424) map[0m
[0;32mI (140) esp_image: segment 1: paddr=00030958 vaddr=3ff80000 size=00020h (    32) load[0m
[0;32mI (140) esp_image: segment 2: paddr=00030980 vaddr=3ffb0000 size=03f08h ( 16136) load[0m
[0;32mI (150) esp_image: segment 3: paddr=00034890 vaddr=40080000 size=0b788h ( 46984) load[0m
[0;32mI (170) esp_image: segment 4: paddr=00040020 vaddr=400d0020 size=99ca4h (629924) map[0m
[0;32mI (385) esp_image: segment 5: paddr=000d9ccc vaddr=4008b788 size=0d720h ( 55072) load[0m
[0;32mI (419) boot: Loaded app from partition at offset 0x10000[0m
[0;32mI (419) boot: Disabling RNG early entropy source...[0m
[0;32mI (429) cpu_start: Multicore app[0m
[0;32mI (438) cpu_start: Pro cpu start user code[0m
[0;32mI (438) cpu_start: cpu freq: 160000000 Hz[0m
[0;32mI (438) app_init: Application information:[0m
[0;32mI (438) app_init: Project name:     softap_sta[0m
[0;32mI (442) app_init: App version:      df1e9af-dirty[0m
[0;32mI (446) app_init: Compile time:     Aug 25 2025 01:27:34[0m
[0;32mI (452) app_init: ELF file SHA256:  a87b5fd97...[0m
[0;32mI (456) app_init: ESP-IDF:          v5.5[0m
[0;32mI (460) efuse_init: Min chip rev:     v0.0[0m
[0;32mI (463) efuse_init: Max chip rev:     v3.99 [0m
[0;32mI (467) efuse_init: Chip rev:         v3.1[0m
[0;32mI (471) heap_init: Initializing. RAM available for dynamic allocation:[0m
[0;32mI (478) heap_init: At 3FFAE6E0 len 00001920 (6 KiB): DRAM[0m
[0;32mI (483) heap_init: At 3FFB8018 len 00027FE8 (159 KiB): DRAM[0m
[0;32mI (488) heap_init: At 3FFE0440 len 00003AE0 (14 KiB): D/IRAM[0m
[0;32mI (493) heap_init: At 3FFE4350 len 0001BCB0 (111 KiB): D/IRAM[0m
[0;32mI (499) heap_init: At 40098EA8 len 00007158 (28 KiB): IRAM[0m
[0;32mI (506) spi_flash: detected chip: generic[0m
[0;32mI (508) spi_flash: flash io: dio[0m
[0;32mI (512) main_task: Started on CPU0[0m
[0;32mI (522) main_task: Calling app_main()[0m
[0;32mI (552) http_server: Initializing SPIFFS[0m
ets Jul 29 2019 12:21:46

rst:0x1 (POWERON_RESET),boot:0x13 (SPI_FAST_FLASH_BOOT)
configsip: 0, SPIWP:0xee
clk_drv:0x00,q_drv:0x00,d_drv:0x00,cs0_drv:0x00,hd_drv:0x00,wp_drv:0x00
mode:DIO, clock div:2
load:0x3fff0030,len:6380
ho 0 tail 12 room 4
load:0x40078000,len:15916
load:0x40080400,len:3860
entry 0x40080638
ets Jul 29 2019 12:21:46

rst:0x1 (POWERON_RESET),boot:0x13 (SPI_FAST_FLASH_BOOT)
configsip: 0, SPIWP:0xee
clk_drv:0x00,q_drv:0x00,d_drv:0x00,cs0_drv:0x00,hd_drv:0x00,wp_drv:0x00
mode:DIO, clock div:2
load:0x3fff0030,len:6380
ho 0 tail 12 room 4
load:0x40078000,len:15916
load:0x40080400,len:3860
entry 0x40080638
[0;32mI (29) boot: ESP-IDF v5.5 2nd stage bootloader[0m
[0;32mI (29) boot: compile time Aug 25 2025 01:30:23[0m
[0;32mI (29) boot: Multicore bootloader[0m
[0;32mI (30) boot: chip revision: v3.1[0m
[0;32mI (33) boot.esp32: SPI Speed      : 40MHz[0m
[0;32mI (37) boot.esp32: SPI Mode       : DIO[0m
[0;32mI (40) boot.esp32: SPI Flash Size : 4MB[0m
[0;32mI (44) boot: Enabling RNG early entropy source...[0m
[0;32mI (49) boot: Partition Table:[0m
[0;32mI (51) boot: ## Label            Usage          Type ST Offset   Length[0m
[0;32mI (57) boot:  0 nvs              WiFi data        01 02 00009000 00006000[0m
[0;32mI (64) boot:  1 phy_init         RF data          01 01 0000f000 00001000[0m
[0;32mI (71) boot:  2 app0             OTA app          00 10 00010000 001c0000[0m
[0;32mI (77) boot:  3 spiffs           Unknown data     01 82 001d0000 00200000[0m
[0;32mI (84) boot: End of partition table[0m
[0;32mI (87) esp_image: segment 0: paddr=00010020 vaddr=3f400020 size=20930h (133424) map[0m
[0;32mI (140) esp_image: segment 1: paddr=00030958 vaddr=3ff80000 size=00020h (    32) load[0m
[0;32mI (140) esp_image: segment 2: paddr=00030980 vaddr=3ffb0000 size=03f08h ( 16136) load[0m
[0;32mI (150) esp_image: segment 3: paddr=00034890 vaddr=40080000 size=0b788h ( 46984) load[0m
[0;32mI (170) esp_image: segment 4: paddr=00040020 vaddr=400d0020 size=99ca4h (629924) map[0m
[0;32mI (385) esp_image: segment 5: paddr=000d9ccc vaddr=4008b788 size=0d720h ( 55072) load[0m
[0;32mI (419) boot: Loaded app from partition at offset 0x10000[0m
[0;32mI (419) boot: Disabling RNG early entropy source...[0m
I (429) cpu_start: Multicore app
[0;32mI (438) cpu_start: Pro cpu start user code[0m
[0;32mI (438) cpu_start: cpu freq: 160000000 Hz[0m
[0;32mI (438) app_init: Application information:[0m
[0;32mI (438) app_init: Project name:     softap_sta[0m
[0;32mI (442) app_init: App version:  ï¿½ets Jul 29 2019 12:21:46[0m

rst:0x1 (POWERON_RESET),boot:0x13 (SPI_FAST_FLASH_BOOT)
configsip: 0, SPIWP:0xee
clk_drv:0x00,q_drv:0x00,d_drv:0x00,cs0_drv:0x00,hd_drv:0x00,wp_drv:0x0ï¿½ets Jul 29 2019 12:21:46

rst:0x1 (POWERON_RESET),boot:0x13 (SPI_FAST_FLASH_BOOT)
configsip: 0, SPIWP:0xee
clk_drv:0x00,q_drv:0x00,d_drv:0x00,cs0_drv:0x00,hd_drv:0x00,wp_drv:0x00
mode:DIO, clock div:2
load:0x3fff0030,len:6380
ho 0 tail 12 room 4
load:0x40078000,len:15916
load:0x40080400,len:3860
entrets Jul 29 2019 12:21:46

rst:0x1 (POWERON_RESET),boot:0x13 (SPI_FAST_FLASH_BOOT)
configsip: 0, SPIWP:0xee
clk_drv:0x00,q_drv:0x00,d_drv:0x00,cs0_drv:0x00,hd_drv:0x00,wp_drv:0x00
mode:DIO, cï¿½ets Jul 29 2019 12:21:46

rst:0x1 (POWERON_RESET),boot:0x13 (SPI_FAST_FLASH_BOOT)
configsip: 0, SPIWP:0xee
clk_drv:0x00,q_drv:0x00,d_drv:0x00,cs0_drv:0x00,hd_drv:0x00,wp_drv:0x00
mode:DIO, clock div:2
load:0x3fff0030,len:6380
ho 0 tail 12 room 4
load:0x40078000,len:15916
load:0x4ï¿½ets Juï¿½ets Jul 29 2019 12:21:46

rst:0x1 (POWERON_RESET),boot:0x13 (SPI_FAï¿½ets Jul 29 2019 12:21:46

rst:0x1 (POWERON_RESEï¿½ets Jul 29 2019 12:21:46

rst:0x1 (POWERON_RESET),boot:0x13 (SPI_FAST_FLASH_BOOT)
configsip: 0, SPIWP:0xee
clk_drv:0x00,q_drv:0x00,d_drv:0x00,cs0_drv:0x00,hd_drv:0x00,wp_drv:0x00
mode:DIO, clock div:2
load:0x3fff0030,len:6380
ho 0 tail 12 room 4
load:0x40078000,len:15916
load:0x40080400,len:3860
entry 0x40080638
[0;32mI (29) boot: ESP-IDF v5.5 2nd stage bootloader[0m
[0;32mI (29) boot: compile time Aug 25 2025 01:30:23[0m
[0;32mI (29) boot: Multicore bootloader[0m
[0;32mI (30) boot: chip revision: v3.1[0m
[0;32mI (33) boot.esp32: SPI Speed      : 40MHz[0m
[0;32mI (37) boot.esp32: SPI Mode       : DIO[0m
[0;32mI (40) boot.esp32: SPI Flash Size : 4MB[0m
[0;32mI (44) boot: Enabling RNG early entropy source...[0m
[0;32mI (49) boot: Partition Table:[0m
[0;32mI (51) boot: ## Label            Usage          Type ST Offset   Length[0m
[0;32mI (57) boot:  0 nvs              WiFi data        01 02 00009000 00006000[0m
[0;32mI (64) boot:  1 phy_init         RF data          01 01 0000f000 00001000[0m
[0;32mI (71) boot:  2 app0             OTA app          00 10 00010000 001c0000[0m
[0;32mI (77) boot:  3 spiffs           Unknown data     01 82 001d0000 00200000[0m
[0;32mI (84) boot: End of partition table[0m
[0;32mI (87) esp_image: segment 0: paddr=00010020 vaddr=3f400020 size=20930h (133424) map[0m
[0;32mI (140) esp_image: segment 1: paddr=00030958 vaddr=3ff80000 size=00020h (    32) load[0m
[0;32mI (140) esp_image: segment 2: paddr=00030980 vaddr=3ffb0000 size=03f08h ( 16136) load[0m
[0;32mI (150) esp_ï¿½ets Jul 29 2019 12:21:46[0m

rstets Jul 29 2019 12:21:46

rst:0x1 (POWERON_RESET),boot:0x13 (SPI_FAST_FLASH_BOOT)
configsip: 0, SPIWP:ets Jul 29 ï¿½ets Jul 29 2019 12:21:46

rst:0x1 (POWERON_RESET),boot:0x13 (SPI_FAST_FLASH_BOOT)
configsip: 0, SPIWP:0xee
clk_drv:0x00,q_drv:0x00,d_drv:0x00,cs0_drv:0x00,hd_drv:0x00,wp_drv:0x00
mode:DIO, clock div:2
load:0x3fff0030,len:6380
ho 0 tail 12 room 4
load:0x40078000,len:15916
load:0x40080400,len:3860
entry 0x40080638
[0;32mI (29) boot: ESP-IDF v5.5 2nd stage bootloader[0m
[0;32mI (29) boot: compile time Aug 25 2025 01:30:23[0m
[0;32mI (29) boot: Multicore bootloader[0m
[0;32mI (30) boot: chip revision: v3.1[0m
[0;32mI (33) boot.esp32: SPI Speed      : 40MHz[0m
[0;32mI (37) boot.esp32: SPI Mode       : DIO[0m
[0;32mI (40) boot.esp32: SPI Flash Size : 4MB[0m
[0;32mI (44) boot: Enabling RNG early entropy source...[0m
[0;32mI (49) boot: Partition Table:[0m
[0;32mI (51) boot: ## Label            Usage          Type ST Offset   Length[0m
[0;32mI (57) boot:  0 nvs              WiFi data        01 02 00009000 00006000[0m
[0;32mI (64) boot:  1 phy_init         RF data          01 01 0000f000 00001000[0m
[0;32mI (71) boot:  2 app0             OTA app          00 10 00010000 001c0000[0m
[0;32mI (77) boot:  3 spiffs           Unknown data     01 82 001d0000 00200000[0m
[0;32mI (84) boot: End of partition table[0m
[0;32mI (87) esp_image: segment 0: paddr=00010020 vaddr=3f400020 size=20930h (133424) map[0m
[0;32mI (140) esp_image: segment 1: paddr=00030958 vaddr=3ff80000 size=00020h (    32) load[0m
[0;32mI (140) esp_image: segment 2: paddr=00030980 vaddr=3ffb0000 size=03f08h ( 16136) load[0m
[0;32mI (150) esp_image: segment 3: paddr=00034890 vaddr=40080000 size=0b788h ( 46984) load[0m
[0;32mI (170) esp_image: segment 4: paddr=00040020 vaddr=400d0020 size=99ca4h (629924) map[0m
[0;32mI (385) esp_image: segment 5: paddr=000d9ccc vaddr=4008b788 size=0d720h ( 55072) load[0m
[0;32mI (419) boot: Loaded app from partition at offset 0x10000[0m
[0;32mI (419) boot: Disabling RNG early entropy source...[0m
[0;32mI (429) cpu_start: Multicore app[0m
[0;32mI (438) cpu_start: Pro cpu start user code[0m
[0;32mI (438) cpu_start: cpu freq: 160000000 Hz[0m
[0;32mI (438) app_init: Application information:[0m
[0;32mI (438) app_init: Project name:     softap_sta[0m
[0;32mI (442) app_init: App version:      df1e9af-dirty[0m
[0;32mI (446) app_init: Compile time:     Aug 25 2025 01:27:34[0m
[0;32mI (452) app_init: ELF file SHA256:  a87b5fd97...[0m
[0;32mI (456) app_init: ESP-IDF:          v5.5[0m
[0;32mI (460) efuse_init: Min chip rev:     v0.0[0m
[0;32mI (463) efuse_init: Max chip rev:     v3.99 [0m
[0;32mI (467) efuse_init: Chip rev:         v3.1[0m
[0;32mI (471) heap_init: Initializing. RAM available for dynamic allocation:[0m
[0;32mI (478) heap_init: At 3FFAE6E0 len 00001920 (6 KiB): DRAM[0m
[0;32mI (483) heap_init: At 3FFB8018 len 00027FE8 (159 KiB): DRAM[0m
[0;32mI (488) heap_init: At 3FFE0440 len 00003AE0 (14 KiB): D/IRAM[0m
[0;32mI (493) heap_init: At 3FFE4350 len 0001BCB0 (111 KiB): D/IRAM[0m
[0;32mI (499) heap_init: At 40ï¿½ets Jul 29 2019 12:21:46[0m

rst:0x1ï¿½ets Jul 29 2019 12etsï¿½ets Jï¿½etsï¿½ets Jul 29 2019 12:21:46

rst:0x1 (POWERON_RESEï¿½ets Jul 29 2019 12:21:46

rst:0x1 (POWERON_RESET),boot:0x13 (SPI_FAST_FLASH_BOOT)
coï¿½ets Jul 29 2019 12:21:46

rst:0x1 (POWERON_RESET),boot:0x13 (SPI_FAST_FLASH_BOOT)
configsip: 0, SPIWPï¿½ets Jul 29 2019 12:21:46

rst:0x1 (POWERON_RESET),boot:0x13 (SPI_FAST_FLASH_BOOT)
configsip: 0, SPIï¿½ets Jul 29 2019 12:21:46

rst:0x1 (POWERON_RESETï¿½ets Jul 29 2019 12:21:46

rst:0x1 (POWERON_RESET),boot:0x13 (SPI_FAST_FLASH_BOOT)
configsip: 0, SPIWP:0xee
clk_drv:0x00,q_drv:0x00,d_drv:0x00,cs0_drv:0x00,hd_drv:0x00,wp_drv:0x00
mode:DIO, clock div:2
load:0x3fff0030,len:6380
ho 0 tail 12 room 4
loadï¿½ets Jul 29ets Jul 29 2019 12:21:46

rst:0x1 (POWERON_RESET),boot:0x13 (SPI_FAST_FLASH_BOOT)
configsip: 0, SPIWP:0xee
clk_drv:0x00,q_drv:0x00,d_drv:0x00,cs0_drv:0x00,hd_drv:0x00,wp_drv:0x00
mode:DIO, clock div:2
load:0x3fff0030,len:6380
ho 0 tail 12 room 4
load:0x40078000,len:15916
load:0x40080400,len:3860
entry 0x40080638
[0;32mI (29) boot: ESP-IDF v5.5 2nd stage bootloader[0m
[0;32mI (29) boot: compile time Aug 25 2025 01:30:23[0m
[0;32mI (29) boot: Multicore bootloader[0m
[0;32mI (30) boot: chip revision: v3.1[0m
[0;32mI (33) boot.esp32: SPI Speed      : 40MHz[0m
[0;32mI (37) boot.esp32: SPI Mode       : DIO[0m
[0;32mI (40) boot.esp32: SPI Flash Size : 4MB[0m
[0;32mI (44) boot: Enabling RNG early entropy source...[0m
[0;32mI (49) boot: Partition Table:[0m
[0;32mI (51) boot: ## Label            Usage          Type ST Offset   Length[0m
[0;32mI (57) boot:  0 nvs              WiFi data        01 02 00009000 00006000[0m
[0;32mI (64) boot:  1 phy_init         RF data          01 01 0000f000 00001000[0m
[0;32mI (71) boot:  2 app0             OTA app          00 10 00010000 001c0000[0m
[0;32mI (77) boot:  3 spiffs           Unknown data     01 82 001d0000 00200000[0m
[0;32mI (84) boot: End of partition table[0m
[0;32mI (87) esp_image: segment 0: paddr=00010020 vaddr=3f400020 size=20930h (133424) map[0m
[0;32mI (140) esp_image: segment 1: paddr=00030958 vaddr=3ff80000 size=00020h (    32) load[0m
[0;32mI (140) esp_image: segment 2: paddr=00030980 vaddr=3ffb0000 size=03f08h ( 16136) load[0m
[0;32mI (150) esp_image: segment 3: paddr=00034890 vaddr=40080000 size=0b788h ( 46984) load[0m
[0;32mI (170) esp_image: segment 4: paddr=00040020 vaddr=400d0020 size=99ca4h (629924) map[0m
ets Jul 29 2019 12:21:46

rst:0x1 (POWERON_RESET),boot:0x13 (SPI_FAST_FLASH_BOOT)
configsip: 0, SPIWP:0xee
clk_drv:0x00,q_drv:0x00,d_drv:0x00,cs0_drv:0x00,hd_drv:0x00,wp_drv:0x00
mode:DIO, clock div:2
load:0x3fff0030,len:6380
ho 0 tail 12 room 4
load:0x40078000,len:15916
load:0x40080400,len:3860
entry 0x40080638
[0;32mI (29) boot: ESP-IDF v5.5 2nd stage bootloader[0m
[0;32mI (29) boot: compile time Aug 25 2025 01:30:23[0m
[0;32mI (29) boot: Multicore bootloader[0m
[0;32mI (30) boot: chip revision: v3.1[0m
[0;32mI (33) boot.esp32: SPI Speed      : 40MHz[0m
[0;32mI (37) boot.esp32: SPI Mode       : DIO[0m
[0;32mI (40) boot.esp32: SPI Flash Size : 4MB[0mï¿½ets Jul 29 2019 12:2ï¿½ets Jul 29 2019 12:21:46ï¿½ets Jul 29 2019 12:21:46

rst:0x1 (POWERON_RESET),boot:0x13 (SPI_FAST_FLASH_BOOT)
configsip: 0, SPIWP:0xee
clk_drv:0x00,q_drv:0x00,d_drv:0x00,cs0_drv:0x00,hd_drv:0x00,wp_drv:0x00
mode:DIO, clock div:2
load:0x3fff0030,len:6380
ho 0 tail 12 room 4
load:0x40078000,len:15916
load:0x40080400,len:3860
entry 0x40080638
[0;32mI (29) boot: ESP-IDF v5.5 2nd stage bootloader[0m
[0;32mI (29) boot: compile time Aug 25 2025 01:30:23[0m
[0;32mI (29) boot: Multicore bootloader[0m
[0;32mI (30) boot: chip revision: v3.1[0m
[0;32mI (33) boot.esp32: SPI Speed      : 40MHz[0m
[0;32mI (37) boot.esp32: SPI Mode       : DIO[0m
[0;32mI (40) boot.esp32: SPI Flash Size : 4MB[0m
[0;32mI (44) boot: Enabling RNG early entropy source...[0m
[0;32mI (49) boot: Partition Table:[0m
[0;32mI (51) boot: ## Label            Usage          Type ST Offset   Length[0m
[0;32mI (57) boot:  0 nvs              WiFi data        01 02 00009000 00006000[0m
[0;32mI (64) boot:  1 phy_init         RF data          01 01 0000f000 00001000[0m
[0;32mI (71) boot:  2 app0             OTA app          00 10 00010000 001c0000[0m
[0;32mI (77) boot:  3 spiffs           Unknown data     01 82 001d0000 00200000[0m
[0;32mI (84) boot: End of partition table[0m
[0;32mI (87) esp_image: segment 0: paddr=00010020 vaddr=3f400020 size=20930h (133424) map[0m
[0;32mI (140) esp_image: segment 1: paddr=00030958 vaddr=3ff80000 size=00020h (    32) load[0m
[0;32mI (140) esp_image: segment 2: paddr=00030980 vaddr=3ffb0000 size=03f08h ( 16136) load[0m
[0;32mI (150) esp_image: segment 3: paddr=00034890 vaddr=40080000 size=0b788h ( 46984) load[0m
[0;32mI (170) esp_image: segment 4: paddr=00040020 vaddr=400d0020 size=99ca4h (629924) map[0m
[0;32mI (385) esp_image: segment 5: paddr=000d9ccc vaddr=4008b788 size=0d720h ( 55072) load[0m
[0;32mI (419) boot: Loaded app from partition at offset 0x10000[0m
[0;32mI (419) boot: Disabling RNG early entropy source...[0m
[0;32mI (429) cpu_start: Multicore app[0m
[0;32mI (438) cpu_start: Pro cpu start user code[0m
[0;32mI (438) cpu_start: cpu freq: 160000000 Hz[0m
[0;32mI (438) app_init: Application information:[0m
[0;32mI (438) app_init: Project name:     softap_sta[0m
[0;32mI (442) app_init: App version:      df1e9af-dirty[0m
[0;32mI (446) app_init: Compile time:     Aug 25 2025 01:27:34[0m
[0;32mI (452) app_init: ELF file SHA256:  a87b5fd97...[0m
[0;32mI (456) app_init: ESP-IDF:          v5.5[0m
[0;32mI (460) efuse_init: Min chip rev:     v0.0[0m
[0;32mI (463) efuse_init: Max chip rev:     v3.99 [0m
[0;32mI (467) efuse_init: Chip rev:         v3.1[0m
[0;32mI (471) heap_init: Initializing. RAM available for dynamic allocation:[0m
[0;32mI (478) heap_init: At 3FFAE6E0 len 00001920 (6 KiB): DRAM[0m
[0;32mI (483) heap_init: At 3FFB8018 len 00027FE8 (159 KiB): DRAM[0m
[0;32mI (488) heap_init: At 3FFE0440 len 00003AE0 (14 KiB): D/IRAM[0m
[0;32mI (493) heap_init: At 3FFE4350 len 0001BCB0 (111 KiB): D/IRAM[0m
[0;32mI (499) heap_init: At 40098EA8 len 00007158 (28 KiB): IRAM[0m
[0;32mI (506) spi_flash: detected chip: generic[0m
[0;32mI (508) spi_flash: flash io: dio[0m
[0;32mI (512) main_task: Started on CPU0[0m
[0;32mI (522) main_task: Calling app_main()[0m
[0;32mI (552) http_server: Initializing SPIFFS[0m
[0;32mI (692) http_server: Partition size: total:1920401, used:5020[0m
[0;32mI (692) http_server: UART initialized for STM32 communication[0m
[0;32mI (692) wifi_app: Starting WiFi application...[0m
[0;32mI (702) main_task: Returned from app_main()[0m
[0;32mI (732) wifi_init: rx ba win: 6[0m
[0;32mI (732) wifi_init: accept mbox: 6[0m
[0;32mI (732) wifi_init: tcpip mbox: 32[0m
[0;32mI (732) wifi_init: udp mbox: 6[0m
[0;32mI (732) wifi_init: tcp mbox: 6[0m
[0;32mI (732) wifi_init: tcp tx win: 5760[0m
[0;32mI (732) wifi_init: tcp rx win: 5760[0m
[0;32mI (742) wifi_init: tcp mss: 1440[0m
[0;32mI (742) wifi_init: WiFi IRAM OP enabled[0m
[0;32mI (742) wifi_init: WiFi RX IRAM OP enabled[0m
[0;32mI (1002) phy_init: phy_version 4860,6b7a6e5,Feb  6 2025,14:47:07[0m
[0;32mI (1082) phy_init: Saving new calibration data due to checksum failure or outdated calibration data, mode(0)[0m
[0;32mI (1112) wifi_app: WIFI_EVENT_STA_START[0m
[0;32mI (1112) wifi_app: WIFI_APP_MSG_START_HTTP_SERVER[0m
[0;32mI (1112) http_server: http server config: Port: '80', task priority: '4'[0m
[0;32mI (1112) wifi_app: WIFI_EVENT_AP_START[0m
[0;32mI (1122) esp_netif_lwip: DHCP server started on interface WIFI_AP_DEF with IP: 192.168.0.1[0m
[0;32mI (1132) http_server: http server config: Register URI handlers[0m
[0;32mI (11512) wifi_app: WIFI_EVENT_AP_STACONNECTED[0m
[0;32mI (11612) esp_netif_lwip: DHCP server assigned IP to a client, IP is: 192.168.0.2[0m
ets Jul 29 2019 12:21:46

rst:0x1 (POWERON_RESET),boot:0x13 (SPI_FAST_FLASH_BOOT)
configsip: 0, SPIWP:0xee
clk_drv:0x00,q_drv:0x00,d_drv:0x00,cs0_drv:0x00,hd_drv:0x00,wp_drv:0x00
mode:DIO, clock div:2
load:0x3fff0030,len:6380
ho 0 tail 12 room 4
load:0x40078000,len:15916
load:0x40080400,len:3860
entry 0x40080638
[0;32mI (29) boot: ESP-IDF v5.5 2nd stage bootloader[0m
[0;32mI (29) boot: compile time Aug 25 2025 01:30:23[0m
[0;32mI (29) boot: Multicore bootloader[0m
[0;32mI (30) boot: chip revision: v3.1[0m
[0;32mI (33) boot.esp32: SPI Speed      : 40MHz[0m
[0;32mI (37) boot.esp32: SPI Mode       : DIO[0m
[0;32mI (40) boot.esp32: SPI Flash Size : 4MB[0m
[0;32mI (44) boot: Enabling RNG early entropy source...[0m
[0;32mI (49) boot: Partition Table:[0m
[0;32mI (51) boot: ## Label            Usage          Type ST Offset   Length[0m
[0;32mI (57) boot:  0 nvs              WiFi data        01 02 00009000 00006000[0m
[0;32mI (64) boot:  1 phy_init         RF data          01 01 0000f000 00001000[0m
[0;32mI (71) boot:  2 app0             OTA app          00 10 00010000 001c0000[0m
[0;32mI (77) boot:  3 spiffs           Unknown data     01 82 001d0000 00200000[0m
[0;32mI (84) boot: End of partition table[0m
[0;32mI (87) esp_image: segment 0: paddr=00010020 vaddr=3f400020 size=20930h (133424) map[0m
ets Jul 29 2019 12:21:46

rst:0x1 (POWERON_RESET),boot:0x13 (SPI_FAST_FLASH_BOOT)
configsip: 0, SPIWP:0xee
clk_drv:0x00,q_drv:0x00,d_drv:0x00,cs0_drv:0x00,hd_drv:0x00,wp_drv:0x00
mode:DIO, clock div:2
load:0x3fff0030,len:6380
ho 0 tail 12 room 4
load:0x40078000,len:15916
load:0x40080400,len:3860
entry 0x40080638
[0;32mI (29) boot: ESP-IDF v5.5 2nd stage bootloader[0m
[0;32mI (29) boot: compile time Aug 25 2025 01:30:23[0m
[0;32mI (29) boot: Multicore bootloader[0m
[0;32mI (30) boot: chip revision: v3.1[0m
[0;32mI (33) boot.esp32: SPI Speed      : 40MHz[0m
[0;32mI (37) boot.esp32: SPI Mode       : DIO[0m
[0;32mI (40) boot.esp32: SPI Flash Size : 4MB[0m
[0;32mI (44) boot: Enabling RNG early entropy source...[0m
[0;32mI (49) boot: Partition Table:[0m
[0;32mI (51) boot: ## Label            Usage          Type ST Offset   Length[0m
[0;32mI (57) boot:  0 nvs              WiFi data        01 02 00009000 00006000[0m
[0;32mI (64) boot:  1 phy_init         RF data          01 01 0000f000 00001000[0m
[0;32mI 